 _______ ______  _______ ______  _______ _______  ______ _     _ _____ _____ _     _        _______ __   _  _____   _____   _____   ______ _______ _______ _     _ _    _ _  _  _ _     _ __   __ ______   / ____          .        /
 |_____| |_____] |       |     \ |______ |______ |  ____ |_____|   |     |   |____/  |      |  |  | | \  | |     | |_____] |   __| |_____/ |______    |    |     |  \  /  |  |  |  \___/    \_/    ____/  /   ___|     . . ' ___   /
 |     | |_____] |_____  |_____/ |______ |       |_____| |     | __|__ __|   |    \_ |_____ |  |  | |  \_| |_____| |       |____\| |    \_ ______|    |    |_____|   \/   |__|__| _/   \_    |    /_____ .    \    . . . .        /
                                                                                                                                                                                                               `     '   '       /
