 ______      ____       ____       ____       ____       ____     ____       __  __      ______      _____     __  __      __                     __  __      _____       ____     _____       ____        ____        ______    __  __      __  __     __      __     __   __      __    __  ________        __        _        ___        __      __ __       ______      ____     ________    __        __       __        _                         __                    __  ____       __     __     _      __
/\  _  \    /\  _`\    /\  _`\    /\  _`\    /\  _`\    /\  _`\  /\  _`\    /\ \/\ \    /\__  _\    /\___ \   /\ \/\ \    /\ \        /'\_/`\    /\ \/\ \    /\  __`\    /\  _`\  /\  __`\    /\  _`\     /\  _`\     /\__  _\  /\ \/\ \    /\ \/\ \   /\ \  __/\ \   /\ \ /\ \    /\ \  /\ \/\_____  \     /'__`\    /' \     /'___`\    /'__`\   /\ \\ \     /\  ___\    /'___\   /\_____  \ /'_ `\    /'_ `\    /\ \     /'_`\                      /\ \                  / //|  _ \     /\_\   / /   /' \    /\ `\
\ \ \L\ \   \ \ \L\ \  \ \ \/\_\  \ \ \/\ \  \ \ \L\_\  \ \ \L\_\\ \ \L\_\  \ \ \_\ \   \/_/\ \/    \/__/\ \  \ \ \/'/'   \ \ \      /\      \   \ \ `\\ \   \ \ \/\ \   \ \ \L\ \\ \ \/\ \   \ \ \L\ \   \ \,\L\_\   \/_/\ \/  \ \ \ \ \   \ \ \ \ \  \ \ \/\ \ \ \  \ `\`\/'/'   \ `\`\\/'/\/____//'/'   /\ \/\ \  /\_, \   /\_\ /\ \  /\_\L\ \  \ \ \\ \    \ \ \__/   /\ \__/   \/___//'/'/\ \L\ \  /\ \L\ \   \ \ \   /\_\/\`\         __    __   \ \/                 / / |/\   |     \/_/  / /   /\ ,/'   \`\  \
 \ \  __ \   \ \  _ <'  \ \ \/_/_  \ \ \ \ \  \ \  _\L   \ \  _\/ \ \ \L_L   \ \  _  \     \ \ \       _\ \ \  \ \ , <     \ \ \  __ \ \ \__\ \   \ \ , ` \   \ \ \ \ \   \ \ ,__/ \ \ \ \ \   \ \ ,  /    \/_\__ \      \ \ \   \ \ \ \ \   \ \ \ \ \  \ \ \ \ \ \ \  `\/ > <      `\ `\ /'      //'/'    \ \ \ \ \ \/_/\ \  \/_/// /__ \/_/_\_<_  \ \ \\ \_   \ \___``\ \ \  _``\     /' /' \/_> _ <_ \ \___, \   \ \ \  \/_//'/'        /\_\  /\_\   \/      _______    / /   \// __`\/\      / /    \ \ \     `\`\ \
  \ \ \/\ \   \ \ \L\ \  \ \ \L\ \  \ \ \_\ \  \ \ \L\ \  \ \ \/   \ \ \/, \  \ \ \ \ \     \_\ \__   /\ \_\ \  \ \ \\`\    \ \ \L\ \ \ \ \_/\ \   \ \ \`\ \   \ \ \_\ \   \ \ \/   \ \ \\'\\   \ \ \\ \     /\ \L\ \     \ \ \   \ \ \_\ \   \ \ \_/ \  \ \ \_/ \_\ \    \/'/\`\     `\ \ \     //'/'___   \ \ \_\ \   \ \ \    // /_\ \  /\ \L\ \  \ \__ ,__\  \/\ \L\ \ \ \ \L\ \  /' /'     /\ \L\ \ \/__,/\ \   \ \_\    /\_\  __  __ \/_/_ \/_/_         /\______\  / /    /|  \L>  <_    / /  __  \ \ `\    `\/' \
   \ \_\ \_\   \ \____/   \ \____/   \ \____/   \ \____/   \ \_\    \ \____/   \ \_\ \_\    /\_____\  \ \____/   \ \_\ \_\   \ \____/  \ \_\\ \_\   \ \_\ \_\   \ \_____\   \ \_\    \ \___\_\   \ \_\ \_\   \ `\____\     \ \_\   \ \_____\   \ `\___/   \ `\___x___/    /\_\\ \_\     \ \_\    /\_______\  \ \____/    \ \_\  /\______/  \ \____/   \/_/\_\_/   \ \____/  \ \____/ /\_/       \ \____/      \ \_\   \/\_\   \/\_\/\_\/\ \  /\_\  /\ \        \/______/ /_/     | \_____/\/   /_/  /\_\  \ `\__\   /\__/
    \/_/\/_/    \/___/     \/___/     \/___/     \/___/     \/_/     \/___/     \/_/\/_/    \/_____/   \/___/     \/_/\/_/    \/___/    \/_/ \/_/    \/_/\/_/    \/_____/    \/_/     \/__//_/    \/_/\/ /    \/_____/      \/_/    \/_____/    `\/__/     '\/__//__/     \/_/ \/_/      \/_/    \/_______/   \/___/      \/_/  \/_____/    \/___/       \/_/      \/___/    \/___/  \//         \/___/        \/_/    \/_/    \/_/\/_/\ \/  \/_/  \ \/                 /_/       \/____/\/   /_/   \/_/   `\/_/    \/_/
                                                                                                                                                                                                                                                                                                                                                                                                                                        \/          \/
